This is pdfTeX, Version 3.141592653-2.6-1.40.26 (TeX Live 2024) (preloaded format=pdflatex 2025.1.2)  4 JAN 2025 17:31
entering extended mode
 restricted \write18 enabled.
 file:line:error style messages enabled.
 %&-line parsing enabled.
**/Users/aysengurdal/Desktop/BlumGoldwasser/output/document/root.tex
(/Users/aysengurdal/Desktop/BlumGoldwasser/output/document/root.tex
LaTeX2e <2023-11-01> patch level 1
L3 programming layer <2024-02-20>
(/usr/local/texlive/2024/texmf-dist/tex/latex/base/article.cls
Document Class: article 2023/05/17 v1.4n Standard LaTeX document class
(/usr/local/texlive/2024/texmf-dist/tex/latex/base/size11.clo
File: size11.clo 2023/05/17 v1.4n Standard LaTeX file (size option)
)
\c@part=\count188
\c@section=\count189
\c@subsection=\count190
\c@subsubsection=\count191
\c@paragraph=\count192
\c@subparagraph=\count193
\c@figure=\count194
\c@table=\count195
\abovecaptionskip=\skip48
\belowcaptionskip=\skip49
\bibindent=\dimen140
) (/usr/local/texlive/2024/texmf-dist/tex/latex/base/fontenc.sty
Package: fontenc 2021/04/29 v2.0v Standard LaTeX package
) (./isabelle.sty
\symbbbfont=\mathgroup4
LaTeX Font Info:    Overwriting symbol font `bbbfont' in version `bold'
(Font)                  U/txmia/m/it --> U/txmia/bx/it on input line 44.
\isa@parindent=\dimen141
\isa@parskip=\dimen142
 (/usr/local/texlive/2024/texmf-dist/tex/generic/ulem/ulem.sty
\UL@box=\box51
\UL@hyphenbox=\box52
\UL@skip=\skip50
\UL@hook=\toks17
\UL@height=\dimen143
\UL@pe=\count196
\UL@pixel=\dimen144
\ULC@box=\box53
Package: ulem 2019/11/18
\ULdepth=\dimen145
) (./isabelletags.sty (./comment.sty
\CommentStream=\write3
 Excluding comment 'comment') Including comment 'isadelimML' Including comment 'isatagML' Including comment 'isadelimdocument' Including comment 'isatagdocument' Including comment 'isadelimimportant' Including comment 'isatagimportant' Excluding comment 'isadeliminvisible' Excluding comment 'isataginvisible' Including comment 'isadelimproof' Including comment 'isatagproof' Including comment 'isadelimtheory' Including comment 'isatagtheory' Including comment 'isadelimunimportant' Including comment 'isatagunimportant' Including comment 'isadelimvisible' Including comment 'isatagvisible')) (./isabellesym.sty) (./pdfsetup.sty (/usr/local/texlive/2024/texmf-dist/tex/latex/graphics/color.sty
Package: color 2022/01/06 v1.3d Standard LaTeX Color (DPC)
 (/usr/local/texlive/2024/texmf-dist/tex/latex/graphics-cfg/color.cfg
File: color.cfg 2016/01/02 v1.6 sample color configuration
)
Package color Info: Driver file: pdftex.def on input line 149.
 (/usr/local/texlive/2024/texmf-dist/tex/latex/graphics-def/pdftex.def
File: pdftex.def 2022/09/22 v1.2b Graphics/color driver for pdftex
) (/usr/local/texlive/2024/texmf-dist/tex/latex/graphics/mathcolor.ltx)) (/usr/local/texlive/2024/texmf-dist/tex/latex/hyperref/hyperref.sty
Package: hyperref 2024-01-20 v7.01h Hypertext links for LaTeX
 (/usr/local/texlive/2024/texmf-dist/tex/generic/iftex/iftex.sty
Package: iftex 2022/02/03 v1.0f TeX engine tests
) (/usr/local/texlive/2024/texmf-dist/tex/latex/graphics/keyval.sty
Package: keyval 2022/05/29 v1.15 key=value parser (DPC)
\KV@toks@=\toks18
) (/usr/local/texlive/2024/texmf-dist/tex/latex/kvsetkeys/kvsetkeys.sty
Package: kvsetkeys 2022-10-05 v1.19 Key value parser (HO)
) (/usr/local/texlive/2024/texmf-dist/tex/generic/kvdefinekeys/kvdefinekeys.sty
Package: kvdefinekeys 2019-12-19 v1.6 Define keys (HO)
) (/usr/local/texlive/2024/texmf-dist/tex/generic/pdfescape/pdfescape.sty
Package: pdfescape 2019/12/09 v1.15 Implements pdfTeX's escape features (HO)
 (/usr/local/texlive/2024/texmf-dist/tex/generic/ltxcmds/ltxcmds.sty
Package: ltxcmds 2023-12-04 v1.26 LaTeX kernel commands for general use (HO)
) (/usr/local/texlive/2024/texmf-dist/tex/generic/pdftexcmds/pdftexcmds.sty
Package: pdftexcmds 2020-06-27 v0.33 Utility functions of pdfTeX for LuaTeX (HO)
 (/usr/local/texlive/2024/texmf-dist/tex/generic/infwarerr/infwarerr.sty
Package: infwarerr 2019/12/03 v1.5 Providing info/warning/error messages (HO)
)
Package pdftexcmds Info: \pdf@primitive is available.
Package pdftexcmds Info: \pdf@ifprimitive is available.
Package pdftexcmds Info: \pdfdraftmode found.
)) (/usr/local/texlive/2024/texmf-dist/tex/latex/hycolor/hycolor.sty
Package: hycolor 2020-01-27 v1.10 Color options for hyperref/bookmark (HO)
) (/usr/local/texlive/2024/texmf-dist/tex/latex/auxhook/auxhook.sty
Package: auxhook 2019-12-17 v1.6 Hooks for auxiliary files (HO)
) (/usr/local/texlive/2024/texmf-dist/tex/latex/hyperref/nameref.sty
Package: nameref 2023-11-26 v2.56 Cross-referencing by name of section
 (/usr/local/texlive/2024/texmf-dist/tex/latex/refcount/refcount.sty
Package: refcount 2019/12/15 v3.6 Data extraction from label references (HO)
) (/usr/local/texlive/2024/texmf-dist/tex/generic/gettitlestring/gettitlestring.sty
Package: gettitlestring 2019/12/15 v1.6 Cleanup title references (HO)
 (/usr/local/texlive/2024/texmf-dist/tex/latex/kvoptions/kvoptions.sty
Package: kvoptions 2022-06-15 v3.15 Key value format for package options (HO)
))
\c@section@level=\count197
) (/usr/local/texlive/2024/texmf-dist/tex/latex/etoolbox/etoolbox.sty
Package: etoolbox 2020/10/05 v2.5k e-TeX tools for LaTeX (JAW)
\etb@tempcnta=\count198
)
\@linkdim=\dimen146
\Hy@linkcounter=\count199
\Hy@pagecounter=\count266
 (/usr/local/texlive/2024/texmf-dist/tex/latex/hyperref/pd1enc.def
File: pd1enc.def 2024-01-20 v7.01h Hyperref: PDFDocEncoding definition (HO)
Now handling font encoding PD1 ...
... no UTF-8 mapping file for font encoding PD1
) (/usr/local/texlive/2024/texmf-dist/tex/generic/intcalc/intcalc.sty
Package: intcalc 2019/12/15 v1.3 Expandable calculations with integers (HO)
)
\Hy@SavedSpaceFactor=\count267
 (/usr/local/texlive/2024/texmf-dist/tex/latex/hyperref/puenc.def
File: puenc.def 2024-01-20 v7.01h Hyperref: PDF Unicode definition (HO)
Now handling font encoding PU ...
... no UTF-8 mapping file for font encoding PU
)
Package hyperref Info: Option `colorlinks' set `true' on input line 4062.
Package hyperref Info: Option `pdfpagelabels' set `true' on input line 4062.
Package hyperref Info: Hyper figures OFF on input line 4179.
Package hyperref Info: Link nesting OFF on input line 4184.
Package hyperref Info: Hyper index ON on input line 4187.
Package hyperref Info: Plain pages OFF on input line 4194.
Package hyperref Info: Backreferencing OFF on input line 4199.
Package hyperref Info: Implicit mode ON; LaTeX internals redefined.
Package hyperref Info: Bookmarks ON on input line 4446.
\c@Hy@tempcnt=\count268
 (/usr/local/texlive/2024/texmf-dist/tex/latex/url/url.sty
\Urlmuskip=\muskip16
Package: url 2013/09/16  ver 3.4  Verb mode for urls, etc.
)
LaTeX Info: Redefining \url on input line 4784.
\XeTeXLinkMargin=\dimen147
 (/usr/local/texlive/2024/texmf-dist/tex/generic/bitset/bitset.sty
Package: bitset 2019/12/09 v1.3 Handle bit-vector datatype (HO)
 (/usr/local/texlive/2024/texmf-dist/tex/generic/bigintcalc/bigintcalc.sty
Package: bigintcalc 2019/12/15 v1.5 Expandable calculations on big integers (HO)
))
\Fld@menulength=\count269
\Field@Width=\dimen148
\Fld@charsize=\dimen149
Package hyperref Info: Hyper figures OFF on input line 6063.
Package hyperref Info: Link nesting OFF on input line 6068.
Package hyperref Info: Hyper index ON on input line 6071.
Package hyperref Info: backreferencing OFF on input line 6078.
Package hyperref Info: Link coloring ON on input line 6081.
Package hyperref Info: Link coloring with OCG OFF on input line 6088.
Package hyperref Info: PDF/A mode OFF on input line 6093.
 (/usr/local/texlive/2024/texmf-dist/tex/latex/base/atbegshi-ltx.sty
Package: atbegshi-ltx 2021/01/10 v1.0c Emulation of the original atbegshi
package with kernel methods
)
\Hy@abspage=\count270
\c@Item=\count271
\c@Hfootnote=\count272
)
Package hyperref Info: Driver (autodetected): hpdftex.
 (/usr/local/texlive/2024/texmf-dist/tex/latex/hyperref/hpdftex.def
File: hpdftex.def 2024-01-20 v7.01h Hyperref driver for pdfTeX
 (/usr/local/texlive/2024/texmf-dist/tex/latex/base/atveryend-ltx.sty
Package: atveryend-ltx 2020/08/19 v1.0a Emulation of the original atveryend package
with kernel methods
)
\Fld@listcount=\count273
\c@bookmark@seq@number=\count274
 (/usr/local/texlive/2024/texmf-dist/tex/latex/rerunfilecheck/rerunfilecheck.sty
Package: rerunfilecheck 2022-07-10 v1.10 Rerun checks for auxiliary files (HO)
 (/usr/local/texlive/2024/texmf-dist/tex/generic/uniquecounter/uniquecounter.sty
Package: uniquecounter 2019/12/15 v1.4 Provide unlimited unique counter (HO)
)
Package uniquecounter Info: New unique counter `rerunfilecheck' on input line 285.
)
\Hy@SectionHShift=\skip51
)) (/usr/local/texlive/2024/texmf-dist/tex/latex/l3backend/l3backend-pdftex.def
File: l3backend-pdftex.def 2024-02-20 L3 backend support: PDF output (pdfTeX)
\l__color_backend_stack_int=\count275
\l__pdf_internal_box=\box54
)
No file root.aux.
\openout1 = `root.aux'.

LaTeX Font Info:    Checking defaults for OML/cmm/m/it on input line 37.
LaTeX Font Info:    ... okay on input line 37.
LaTeX Font Info:    Checking defaults for OMS/cmsy/m/n on input line 37.
LaTeX Font Info:    ... okay on input line 37.
LaTeX Font Info:    Checking defaults for OT1/cmr/m/n on input line 37.
LaTeX Font Info:    ... okay on input line 37.
LaTeX Font Info:    Checking defaults for T1/cmr/m/n on input line 37.
LaTeX Font Info:    ... okay on input line 37.
LaTeX Font Info:    Checking defaults for TS1/cmr/m/n on input line 37.
LaTeX Font Info:    ... okay on input line 37.
LaTeX Font Info:    Checking defaults for OMX/cmex/m/n on input line 37.
LaTeX Font Info:    ... okay on input line 37.
LaTeX Font Info:    Checking defaults for U/cmr/m/n on input line 37.
LaTeX Font Info:    ... okay on input line 37.
LaTeX Font Info:    Checking defaults for PD1/pdf/m/n on input line 37.
LaTeX Font Info:    ... okay on input line 37.
LaTeX Font Info:    Checking defaults for PU/pdf/m/n on input line 37.
LaTeX Font Info:    ... okay on input line 37.
(/usr/local/texlive/2024/texmf-dist/tex/context/base/mkii/supp-pdf.mkii
[Loading MPS to PDF converter (version 2006.09.02).]
\scratchcounter=\count276
\scratchdimen=\dimen150
\scratchbox=\box55
\nofMPsegments=\count277
\nofMParguments=\count278
\everyMPshowfont=\toks19
\MPscratchCnt=\count279
\MPscratchDim=\dimen151
\MPnumerator=\count280
\makeMPintoPDFobject=\count281
\everyMPtoPDFconversion=\toks20
)
Package hyperref Info: Link coloring ON on input line 37.
\@outlinefile=\write4
\openout4 = `root.out'.

LaTeX Font Info:    External font `cmex10' loaded for size
(Font)              <12> on input line 42.
LaTeX Font Info:    External font `cmex10' loaded for size
(Font)              <8> on input line 42.
LaTeX Font Info:    External font `cmex10' loaded for size
(Font)              <6> on input line 42.
LaTeX Font Info:    Trying to load font information for U+txmia on input line 42.
 (/usr/local/texlive/2024/texmf-dist/tex/latex/txfonts/utxmia.fd
File: utxmia.fd 2000/12/15 v3.1
)
No file root.toc.
\tf@toc=\write5
\openout5 = `root.toc'.

(./session.tex (./BG_aux.tex
LaTeX Font Info:    External font `cmex10' loaded for size
(Font)              <7> on input line 12.
LaTeX Font Info:    External font `cmex10' loaded for size
(Font)              <5> on input line 12.
 [1

{/usr/local/texlive/2024/texmf-var/fonts/map/pdftex/updmap/pdftex.map}{/usr/local/texlive/2024/texmf-dist/fonts/enc/dvips/cm-super/cm-super-t1.enc}]) (./BG_formalization.tex [2] [3] [4]
./BG_formalization.tex:181: Missing $ inserted.
<inserted text> 
                $
l.181 nat_
          to_bits.%
I've inserted a begin-math/end-math symbol since I think
you left one out. Proceed, with fingers crossed.

LaTeX Font Info:    External font `cmex10' loaded for size
(Font)              <10.95> on input line 181.
./BG_formalization.tex:182: Missing $ inserted.
<inserted text> 
                $
l.182 \end{isamarkuptext}
                         \isamarkuptrue%
I've inserted a begin-math/end-math symbol since I think
you left one out. Proceed, with fingers crossed.

[5]) (./BG_correctness.tex [6] [7] [8] [9] [10] [11] [12] [13] [14] [15] [16]
./BG_correctness.tex:1136: Missing $ inserted.
<inserted text> 
                $
l.1136 Here, we show that if we find the x_
                                           0, then we can recover the plaint...
I've inserted a begin-math/end-math symbol since I think
you left one out. Proceed, with fingers crossed.

./BG_correctness.tex:1138: Missing $ inserted.
<inserted text> 
                $
l.1138 \end{isamarkuptext}
                          \isamarkuptrue%
I've inserted a begin-math/end-math symbol since I think
you left one out. Proceed, with fingers crossed.


Overfull \hbox (121.14658pt too wide) in paragraph at lines 1136--1138
[]\T1/cmr/m/n/10.95 Here, we show that if we find the x$[]\OML/cmm/m/it/10.95 ; thenwecanrecovertheplaintextmessagefromencryptedmessagec:$ 
 []

[17] [18]
Overfull \hbox (23.1817pt too wide) in paragraph at lines 1303--1306
[][]  \T1/cmr/bx/n/10 from \T1/cmr/m/it/10 enc[]loop[]open this \T1/cmr/bx/n/10 have \T1/cmr/m/it/10 enc[]loop[]open$\OT1/cmr/m/n/10 :$ \T1/cmr/m/it/10 length $\OT1/cmr/m/n/10 ($\T1/cmr/m/it/10 enc[]loop[]func[]list $\OT1/cmr/m/n/10 ($\T1/cmr/m/it/10 nat[]to[]bitstring
 []

[19] [20] [21]
Overfull \hbox (29.8337pt too wide) in paragraph at lines 1594--1596
[][]  \T1/cmr/bx/n/10 by $\OT1/cmr/m/n/10 ($\T1/cmr/m/it/10 metis $\OT1/cmr/m/n/10 ($\T1/cmr/m/it/10 no[]types$\OML/cmm/m/it/10 ;$ \T1/cmr/m/it/10 opaque[]lifting$\OT1/cmr/m/n/10 )$ \T1/cmr/m/it/10 cong[]mod[]left cong[]refl power2[]eq[]square power[]mod$\OT1/cmr/m/n/10 )$[] 
 []

[22] [23] [24] [25]
Overfull \hbox (43.61787pt too wide) in paragraph at lines 1920--1922
[][]    \T1/cmr/bx/n/10 by $\OT1/cmr/m/n/10 ($\T1/cmr/m/it/10 auto simp add$\OT1/cmr/m/n/10 :$ \T1/cmr/m/it/10 coprime[]commute coprime[]dvd[]mult[]left[]iff mod[]greater[]zero[]iff[]not[]dvd
 []

[26]
Overfull \hbox (29.34421pt too wide) in paragraph at lines 2022--2025
[][]        \T1/cmr/m/it/10 enc[]loop[]func $\OT1/cmr/m/n/10 ($$($\T1/cmr/m/it/10 nat[]to[]bitstring h$\OT1/cmr/m/n/10 )$$\OML/cmm/m/it/10 ;$ \T1/cmr/m/it/10 n$\OML/cmm/m/it/10 ;$ \T1/cmr/m/it/10 h$\OML/cmm/m/it/10 ;$ \T1/cmr/m/it/10 m$\OT1/cmr/m/n/10 )$ $($\T1/cmr/m/it/10 c[]i $\OT1/cmr/m/n/10 #$ \T1/cmr/m/it/10 c$\OT1/cmr/m/n/10 )$ \T1/cmr/m/it/10 x[]i$\OT1/cmr/m/n/10 )$$)$ \T1/cmr/bx/n/10 us-ing \T1/cmr/m/it/10 enc[]loop[]func$\OML/cmm/m/it/10 :$\T1/cmr/m/it/10 simps
 []

[27]
Overfull \hbox (3.04234pt too wide) in paragraph at lines 2165--2167
[][]  $\OT1/cmr/m/n/10 ($\T1/cmr/m/it/10 x[]0 ^ $\OT1/cmr/m/n/10 ($\T1/cmr/m/it/10 2 ^ $\OT1/cmr/m/n/10 ($\T1/cmr/m/it/10 length m[]l$\OT1/cmr/m/n/10 )$$)$ \T1/cmr/m/it/10 mod n$\OT1/cmr/m/n/10 )$$)$ \T1/cmr/bx/n/10 us-ing \T1/cmr/m/it/10 assms$\OT1/cmr/m/n/10 ($\T1/cmr/m/it/10 1$\OT1/cmr/m/n/10 )$ \T1/cmr/m/it/10 enc[]loop$\OML/cmm/m/it/10 :$\T1/cmr/m/it/10 simps enc[]loop[]func[]exp[] 
 []

[28] [29]
Overfull \hbox (6.1339pt too wide) in paragraph at lines 2389--2391
[][]\T1/cmr/bx/n/10 corollary \T1/cmr/m/it/10 fst[]enc[]eq[]enc[]list$\OT1/cmr/m/n/10 :$ \T1/cmr/m/it/10 fst $\OT1/cmr/m/n/10 ($\T1/cmr/m/it/10 enc[]loop[]func $\OT1/cmr/m/n/10 ($\T1/cmr/m/it/10 f$\OML/cmm/m/it/10 ;$ \T1/cmr/m/it/10 n$\OML/cmm/m/it/10 ;$ \T1/cmr/m/it/10 h$\OML/cmm/m/it/10 ;$ \T1/cmr/m/it/10 m$\OT1/cmr/m/n/10 )$ $[$$]$ \T1/cmr/m/it/10 x$\OT1/cmr/m/n/10 )$ $=$ \T1/cmr/m/it/10 enc[]loop[]func[]list
 []

[30]) (./BG_prob.tex [31] [32] [33] [34] [35] [36] [37] [38]
Overfull \hbox (20.27911pt too wide) in paragraph at lines 686--688
[][]    \T1/cmr/bx/n/10 by $\OT1/cmr/m/n/10 ($\T1/cmr/m/it/10 metis $\OT1/cmr/m/n/10 ($\T1/cmr/m/it/10 no[]types$\OML/cmm/m/it/10 ;$ \T1/cmr/m/it/10 lift-ing$\OT1/cmr/m/n/10 )$ $\OMS/cmsy/m/n/10 K$[]\T1/cmr/m/it/10 finite$ [] $ card[]Diff[]singleton[]if card[]gt[]0[]iff zero[]less[]diff$\OT1/cmr/m/n/10 )$[] 
 []

[39] [40] [41] [42] [43] [44] [45])) [46] (./root.aux)
 ***********
LaTeX2e <2023-11-01> patch level 1
L3 programming layer <2024-02-20>
 ***********


Package rerunfilecheck Warning: File `root.out' has changed.
(rerunfilecheck)                Rerun to get outlines right
(rerunfilecheck)                or use package `bookmark'.

Package rerunfilecheck Info: Checksums for `root.out':
(rerunfilecheck)             Before: <no file>
(rerunfilecheck)             After:  4C63DCC01D095B13BE41E92A5BCB322C;1118.
 ) 
Here is how much of TeX's memory you used:
 9335 strings out of 474116
 141224 string characters out of 5743683
 1953187 words of memory out of 5000000
 31539 multiletter control sequences out of 15000+600000
 571258 words of font info for 66 fonts, out of 8000000 for 9000
 1141 hyphenation exceptions out of 8191
 90i,8n,93p,1581b,542s stack positions out of 10000i,1000n,20000p,200000b,200000s
</usr/local/texlive/2024/texmf-dist/fonts/type1/public/amsfonts/cm/cmex10.pfb></usr/local/texlive/2024/texmf-dist/fonts/type1/public/amsfonts/cm/cmmi10.pfb></usr/local/texlive/2024/texmf-dist/fonts/type1/public/amsfonts/cm/cmmi8.pfb></usr/local/texlive/2024/texmf-dist/fonts/type1/public/amsfonts/cm/cmr10.pfb></usr/local/texlive/2024/texmf-dist/fonts/type1/public/amsfonts/cm/cmr8.pfb></usr/local/texlive/2024/texmf-dist/fonts/type1/public/amsfonts/cm/cmsy10.pfb></usr/local/texlive/2024/texmf-dist/fonts/type1/public/amsfonts/cm/cmsy7.pfb></usr/local/texlive/2024/texmf-dist/fonts/type1/public/cm-super/sfbx1000.pfb></usr/local/texlive/2024/texmf-dist/fonts/type1/public/cm-super/sfbx1200.pfb></usr/local/texlive/2024/texmf-dist/fonts/type1/public/cm-super/sfbx1440.pfb></usr/local/texlive/2024/texmf-dist/fonts/type1/public/cm-super/sfrm1000.pfb></usr/local/texlive/2024/texmf-dist/fonts/type1/public/cm-super/sfrm1095.pfb></usr/local/texlive/2024/texmf-dist/fonts/type1/public/cm-super/sfrm1200.pfb></usr/local/texlive/2024/texmf-dist/fonts/type1/public/cm-super/sfrm1728.pfb></usr/local/texlive/2024/texmf-dist/fonts/type1/public/cm-super/sfti1000.pfb></usr/local/texlive/2024/texmf-dist/fonts/type1/public/cm-super/sfti1095.pfb>
Output written on root.pdf (46 pages, 328903 bytes).
PDF statistics:
 306 PDF objects out of 1000 (max. 8388607)
 223 compressed objects within 3 object streams
 55 named destinations out of 1000 (max. 500000)
 1 words of extra memory for PDF output out of 10000 (max. 10000000)

